T 1790155486988680 WID=0xc00004 name_pattern=HandyControlDemo cgeo=800x600@+240+212
T 1790155486988885 CENSUS root_child=0x2000b5 pid=0 name=- class=-
T 1790155486989000 CENSUS root_child=0x2000b4 pid=0 name=- class=-
T 1790155486989111 CENSUS root_child=0x2000b3 pid=0 name=- class=-
T 1790155486989214 CENSUS root_child=0x2000b2 pid=0 name=- class=-
T 1790155486989320 CENSUS root_child=0x200001 pid=1083652 name=xfwm4 class=xfwm4
T 1790155486989421 CENSUS root_child=0x400001 pid=0 name=- class=-
T 1790155486989522 CENSUS root_child=0x2000ac pid=0 name=- class=-
T 1790155486989628 CENSUS root_child=0x2000ae pid=1083652 name=xfwm4 class=xfwm4
T 1790155486989730 CENSUS root_child=0x2000b9 pid=0 name=- class=-
T 1790155486989832 CENSUS root_child=0x200295 pid=0 name=- class=-
T 1790155486989946 CENSUS root_child=0xc00001 pid=0 name=- class=-
T 1790155486990030 CENSUS root_child=0xc00002 pid=1147467 name=SystemResourceNotifyWindow class=HwndWrapper[HandyControlDemo;;9e8579c5-53ef-43e7-9a6f-bbacbd46b6e3]
T 1790155486990131 CENSUS root_child=0xc00003 pid=1147467 name=- class=HwndWrapper[HandyControlDemo;;3bdc9736-d459-4dff-9345-7b89bcda4ff6]
T 1790155486990238 CENSUS root_child=0xc00004(TARGET) pid=1147467 name=HandyControlDemo class=HwndWrapper[HandyControlDemo;;65a411c9-6925-4fad-a822-8a666d1f9f7a]
T 1790155486990335 CENSUS root_child=0xc00005 pid=1147467 name=- class=HwndWrapper[HandyControlDemo;;3e22d2ca-e5d4-47ca-924c-f3b24594836b]
T 1790155486990442 CENSUS root_child=0xc00006 pid=1147467 name=MediaContextNotificationWindow class=HwndWrapper[HandyControlDemo;;6ceb6205-567d-44d5-9cdb-e49de1814a2e]
T 1790155486990835 rel=0.934 SEG cgeo=800x600@+240+212 frame=0x50d fgeo=1280x1024@+0+0 state=[] hints={flags=0x10 PMinSize=1x1 PMaxSize=-1x-1}
T 1790155487202380 rel=1.118 SEG cgeo=800x600@+240+212 frame=0x20041e fgeo=800x600@+0+0 state=[FOCUSED] hints={flags=0x10 PMinSize=1x1 PMaxSize=-1x-1}
T 1790155487208011 rel=1.151 EVT PropertyNotify win=0xc00004 atom=_MOTIF_WM_HINTS state=0
T 1790155487208026 rel=1.151 EVT PropertyNotify win=0xc00004 atom=_NET_WM_STATE state=0
T 1790155487208065 rel=1.151 EVT PropertyNotify win=0xc00004 atom=_NET_WM_DESKTOP state=0
T 1790155487208068 rel=1.151 EVT ConfigureNotify win=0xc00004 send_event=0 800x600@+0+0 above=0x20042d override=0
T 1790155487208070 rel=1.151 EVT ConfigureNotify win=0xc00004 send_event=1 800x600@+0+0 above=0x0 override=0
T 1790155487208113 rel=1.151 EVT PropertyNotify win=0xc00004 atom=WM_STATE state=0
T 1790155487208154 rel=1.151 EVT PropertyNotify win=0xc00004 atom=_NET_WM_ALLOWED_ACTIONS state=0
T 1790155487208157 rel=1.151 EVT PropertyNotify win=0xc00004 atom=_NET_WM_STATE state=0
T 1790155487208195 rel=1.151 EVT PropertyNotify win=0xc00004 atom=_NET_FRAME_EXTENTS state=0
T 1790155487208198 rel=1.151 EVT PropertyNotify win=0xc00004 atom=_NET_WM_STATE state=0
T 1790155487208199 rel=1.151 EVT PropertyNotify win=0xc00004 atom=_NET_WM_STATE state=0
T 1790155487208387 rel=1.151 SEG cgeo=800x600@+0+0 frame=0x20041e fgeo=800x600@+0+0 state=[FOCUSED] hints={flags=0x10 PMinSize=1x1 PMaxSize=-1x-1}
T 1790155494230293 rel=8.174 EVT PropertyNotify win=0xc00004 atom=_NET_FRAME_EXTENTS state=0
T 1790155494230309 rel=8.174 EVT PropertyNotify win=0xc00004 atom=_NET_WM_ALLOWED_ACTIONS state=0
T 1790155494230310 rel=8.174 EVT ConfigureNotify win=0xc00004 send_event=0 1280x1024@+0+0 above=0x20042d override=0
T 1790155494230312 rel=8.174 EVT ConfigureNotify win=0xc00004 send_event=1 1280x1024@+0+0 above=0x0 override=0
T 1790155494230313 rel=8.174 EVT PropertyNotify win=0xc00004 atom=_NET_WM_STATE state=0
T 1790155494230771 rel=8.174 SEG cgeo=1280x1024@+0+0 frame=0x20041e fgeo=1280x1024@+0+0 state=[MAXIMIZED_HORZ,MAXIMIZED_VERT,FOCUSED] hints={flags=0x10 PMinSize=1x1 PMaxSize=-1x-1}
T 1790155499591690 rel=13.535 EVT PropertyNotify win=0xc00004 atom=_MOTIF_WM_HINTS state=0
T 1790155499591708 rel=13.535 EVT ConfigureNotify win=0xc00004 send_event=1 1280x1024@+0+0 above=0x0 override=0
T 1790155499591710 rel=13.535 EVT PropertyNotify win=0xc00004 atom=_NET_FRAME_EXTENTS state=0
T 1790155499918700 rel=13.862 EVT PropertyNotify win=0xc00004 atom=_NET_FRAME_EXTENTS state=0
T 1790155499918733 rel=13.862 EVT PropertyNotify win=0xc00004 atom=_NET_WM_ALLOWED_ACTIONS state=0
T 1790155499918735 rel=13.862 EVT ConfigureNotify win=0xc00004 send_event=0 800x600@+0+0 above=0x20042d override=0
T 1790155499918737 rel=13.862 EVT ConfigureNotify win=0xc00004 send_event=1 800x600@+0+0 above=0x0 override=0
T 1790155499918738 rel=13.862 EVT PropertyNotify win=0xc00004 atom=_NET_WM_STATE state=0
T 1790155499919209 rel=13.862 SEG cgeo=800x600@+0+0 frame=0x20041e fgeo=800x600@+0+0 state=[FOCUSED] hints={flags=0x10 PMinSize=1x1 PMaxSize=-1x-1}
T 1790155508484211 rel=22.428 EVT DestroyNotify win=0xc00004
