T 1790155321669040 WID=0xc00004 name_pattern=HandyControlDemo cgeo=800x600@+240+212
T 1790155321669117 CENSUS root_child=0x2000b5 pid=0 name=- class=-
T 1790155321669145 CENSUS root_child=0x2000b4 pid=0 name=- class=-
T 1790155321669171 CENSUS root_child=0x2000b3 pid=0 name=- class=-
T 1790155321669197 CENSUS root_child=0x2000b2 pid=0 name=- class=-
T 1790155321669232 CENSUS root_child=0x200001 pid=1083652 name=xfwm4 class=xfwm4
T 1790155321669259 CENSUS root_child=0x400001 pid=0 name=- class=-
T 1790155321669286 CENSUS root_child=0x2000ac pid=0 name=- class=-
T 1790155321669317 CENSUS root_child=0x2000ae pid=1083652 name=xfwm4 class=xfwm4
T 1790155321669343 CENSUS root_child=0x2000b9 pid=0 name=- class=-
T 1790155321669370 CENSUS root_child=0x200295 pid=0 name=- class=-
T 1790155321669396 CENSUS root_child=0xc00001 pid=0 name=- class=-
T 1790155321669431 CENSUS root_child=0xc00002 pid=1138337 name=SystemResourceNotifyWindow class=HwndWrapper[HandyControlDemo;;a0939195-0c02-461b-b0c6-b4557b8ebead]
T 1790155321669465 CENSUS root_child=0xc00003 pid=1138337 name=- class=HwndWrapper[HandyControlDemo;;9d07585a-feed-4154-bb76-e7e7667f4f50]
T 1790155321669496 CENSUS root_child=0xc00004(TARGET) pid=1138337 name=HandyControlDemo class=HwndWrapper[HandyControlDemo;;78cf5364-1e2d-4683-bf96-5f6f4a385022]
T 1790155321669525 CENSUS root_child=0xc00005 pid=1138337 name=- class=HwndWrapper[HandyControlDemo;;7b2a3137-2a2e-492f-b469-81d448242fc3]
T 1790155321669557 CENSUS root_child=0xc00006 pid=1138337 name=MediaContextNotificationWindow class=HwndWrapper[HandyControlDemo;;e47312de-f3ac-4f21-91eb-4187f1dd56d7]
T 1790155321669678 rel=0.915 SEG cgeo=800x600@+240+212 frame=0x50d fgeo=1280x1024@+0+0 state=[] hints={flags=0x10 PMinSize=1x1 PMaxSize=-1x-1}
T 1790155321907858 rel=1.153 EVT PropertyNotify win=0xc00004 atom=_MOTIF_WM_HINTS state=0
T 1790155321907888 rel=1.153 EVT PropertyNotify win=0xc00004 atom=_NET_WM_STATE state=0
T 1790155321907907 rel=1.153 EVT PropertyNotify win=0xc00004 atom=_NET_WM_DESKTOP state=0
T 1790155321907909 rel=1.153 EVT ConfigureNotify win=0xc00004 send_event=0 800x600@+0+0 above=0x200369 override=0
T 1790155321907911 rel=1.153 EVT ConfigureNotify win=0xc00004 send_event=1 800x600@+0+0 above=0x0 override=0
T 1790155321907927 rel=1.153 EVT PropertyNotify win=0xc00004 atom=WM_STATE state=0
T 1790155321907939 rel=1.153 EVT PropertyNotify win=0xc00004 atom=_NET_WM_ALLOWED_ACTIONS state=0
T 1790155321907968 rel=1.153 EVT PropertyNotify win=0xc00004 atom=_NET_WM_STATE state=0
T 1790155321907986 rel=1.153 EVT PropertyNotify win=0xc00004 atom=_NET_FRAME_EXTENTS state=0
T 1790155321907988 rel=1.153 EVT PropertyNotify win=0xc00004 atom=_NET_WM_STATE state=0
T 1790155321907989 rel=1.153 EVT PropertyNotify win=0xc00004 atom=_NET_WM_STATE state=0
T 1790155321908054 rel=1.153 SEG cgeo=800x600@+0+0 frame=0x20035a fgeo=800x600@+0+0 state=[FOCUSED] hints={flags=0x10 PMinSize=1x1 PMaxSize=-1x-1}
T 1790155328910999 rel=8.156 EVT PropertyNotify win=0xc00004 atom=_NET_FRAME_EXTENTS state=0
T 1790155328911012 rel=8.156 EVT PropertyNotify win=0xc00004 atom=_NET_WM_ALLOWED_ACTIONS state=0
T 1790155328911013 rel=8.156 EVT ConfigureNotify win=0xc00004 send_event=0 1280x1024@+0+0 above=0x200369 override=0
T 1790155328911015 rel=8.156 EVT ConfigureNotify win=0xc00004 send_event=1 1280x1024@+0+0 above=0x0 override=0
T 1790155328911016 rel=8.156 EVT PropertyNotify win=0xc00004 atom=_NET_WM_STATE state=0
T 1790155328912180 rel=8.156 SEG cgeo=1280x1024@+0+0 frame=0x20035a fgeo=1280x1024@+0+0 state=[MAXIMIZED_HORZ,MAXIMIZED_VERT,FOCUSED] hints={flags=0x10 PMinSize=1x1 PMaxSize=-1x-1}
T 1790155334296116 rel=13.541 EVT PropertyNotify win=0xc00004 atom=_MOTIF_WM_HINTS state=0
T 1790155334296128 rel=13.541 EVT ConfigureNotify win=0xc00004 send_event=1 1280x1024@+0+0 above=0x0 override=0
T 1790155334296130 rel=13.541 EVT PropertyNotify win=0xc00004 atom=_NET_FRAME_EXTENTS state=0
T 1790155334643505 rel=13.889 EVT PropertyNotify win=0xc00004 atom=_NET_FRAME_EXTENTS state=0
T 1790155334643531 rel=13.889 EVT PropertyNotify win=0xc00004 atom=_NET_WM_ALLOWED_ACTIONS state=0
T 1790155334643545 rel=13.889 EVT ConfigureNotify win=0xc00004 send_event=0 800x600@+0+0 above=0x200369 override=0
T 1790155334643547 rel=13.889 EVT ConfigureNotify win=0xc00004 send_event=1 800x600@+0+0 above=0x0 override=0
T 1790155334643548 rel=13.889 EVT PropertyNotify win=0xc00004 atom=_NET_WM_STATE state=0
T 1790155334643936 rel=13.889 SEG cgeo=800x600@+0+0 frame=0x20035a fgeo=800x600@+0+0 state=[FOCUSED] hints={flags=0x10 PMinSize=1x1 PMaxSize=-1x-1}
T 1790155334717231 rel=13.962 EVT ConfigureNotify win=0xc00004 send_event=0 1280x1024@+0+0 above=0x200369 override=0
T 1790155334717660 rel=13.962 SEG cgeo=1280x1024@+0+0 frame=0x20035a fgeo=1280x1024@+0+0 state=[FOCUSED] hints={flags=0x10 PMinSize=1x1 PMaxSize=-1x-1}
T 1790155343168113 rel=22.413 EVT DestroyNotify win=0xc00004
