T 1790155298520673 WID=0xc00004 name_pattern=HandyControlDemo cgeo=800x600@+240+212
T 1790155298521094 CENSUS root_child=0x2000b5 pid=0 name=- class=-
T 1790155298521247 CENSUS root_child=0x2000b4 pid=0 name=- class=-
T 1790155298521384 CENSUS root_child=0x2000b3 pid=0 name=- class=-
T 1790155298521541 CENSUS root_child=0x2000b2 pid=0 name=- class=-
T 1790155298521775 CENSUS root_child=0x200001 pid=1083652 name=xfwm4 class=xfwm4
T 1790155298521907 CENSUS root_child=0x400001 pid=0 name=- class=-
T 1790155298522168 CENSUS root_child=0x2000ac pid=0 name=- class=-
T 1790155298522340 CENSUS root_child=0x2000ae pid=1083652 name=xfwm4 class=xfwm4
T 1790155298522538 CENSUS root_child=0x2000b9 pid=0 name=- class=-
T 1790155298522667 CENSUS root_child=0x200295 pid=0 name=- class=-
T 1790155298522843 CENSUS root_child=0xc00001 pid=0 name=- class=-
T 1790155298523105 CENSUS root_child=0xc00002 pid=1137936 name=SystemResourceNotifyWindow class=HwndWrapper[HandyControlDemo;;153e9e07-60f8-426f-8cdb-ebbb2531295b]
T 1790155298523341 CENSUS root_child=0xc00003 pid=1137936 name=- class=HwndWrapper[HandyControlDemo;;8f696f01-10e2-49a2-acb2-3532e4dede31]
T 1790155298523511 CENSUS root_child=0xc00004(TARGET) pid=1137936 name=HandyControlDemo class=HwndWrapper[HandyControlDemo;;0b037038-f39a-49b1-a7be-80997031b17f]
T 1790155298523698 CENSUS root_child=0xc00005 pid=1137936 name=- class=HwndWrapper[HandyControlDemo;;711b086d-fb74-449b-aaf9-c90a741ac77a]
T 1790155298523861 CENSUS root_child=0xc00006 pid=1137936 name=MediaContextNotificationWindow class=HwndWrapper[HandyControlDemo;;fa303ffb-ff95-435a-ba3b-4ade0bd35990]
T 1790155298524657 rel=0.929 SEG cgeo=800x600@+240+212 frame=0x50d fgeo=1280x1024@+0+0 state=[] hints={flags=0x10 PMinSize=1x1 PMaxSize=-1x-1}
T 1790155298699768 rel=1.104 EVT PropertyNotify win=0xc00004 atom=_MOTIF_WM_HINTS state=0
T 1790155298699783 rel=1.104 EVT PropertyNotify win=0xc00004 atom=_NET_WM_STATE state=0
T 1790155298699823 rel=1.104 EVT PropertyNotify win=0xc00004 atom=_NET_WM_DESKTOP state=0
T 1790155298699826 rel=1.104 EVT ConfigureNotify win=0xc00004 send_event=0 800x600@+0+0 above=0x200338 override=0
T 1790155298699827 rel=1.104 EVT ConfigureNotify win=0xc00004 send_event=1 800x600@+0+0 above=0x0 override=0
T 1790155298699867 rel=1.104 EVT PropertyNotify win=0xc00004 atom=WM_STATE state=0
T 1790155298699909 rel=1.104 EVT PropertyNotify win=0xc00004 atom=_NET_WM_ALLOWED_ACTIONS state=0
T 1790155298699912 rel=1.104 EVT PropertyNotify win=0xc00004 atom=_NET_WM_STATE state=0
T 1790155298699963 rel=1.104 EVT PropertyNotify win=0xc00004 atom=_NET_FRAME_EXTENTS state=0
T 1790155298699968 rel=1.104 EVT PropertyNotify win=0xc00004 atom=_NET_WM_STATE state=0
T 1790155298699969 rel=1.104 EVT PropertyNotify win=0xc00004 atom=_NET_WM_STATE state=0
T 1790155298700164 rel=1.104 SEG cgeo=800x600@+0+0 frame=0x200329 fgeo=800x600@+0+0 state=[FOCUSED] hints={flags=0x10 PMinSize=1x1 PMaxSize=-1x-1}
T 1790155305760901 rel=8.165 EVT PropertyNotify win=0xc00004 atom=_NET_FRAME_EXTENTS state=0
T 1790155305760915 rel=8.165 EVT PropertyNotify win=0xc00004 atom=_NET_WM_ALLOWED_ACTIONS state=0
T 1790155305760917 rel=8.165 EVT ConfigureNotify win=0xc00004 send_event=0 1280x1024@+0+0 above=0x200338 override=0
T 1790155305760918 rel=8.165 EVT ConfigureNotify win=0xc00004 send_event=1 1280x1024@+0+0 above=0x0 override=0
T 1790155305760919 rel=8.165 EVT PropertyNotify win=0xc00004 atom=_NET_WM_STATE state=0
T 1790155305761223 rel=8.165 SEG cgeo=1280x1024@+0+0 frame=0x200329 fgeo=1280x1024@+0+0 state=[MAXIMIZED_HORZ,MAXIMIZED_VERT,FOCUSED] hints={flags=0x10 PMinSize=1x1 PMaxSize=-1x-1}
T 1790155311124520 rel=13.529 EVT PropertyNotify win=0xc00004 atom=_MOTIF_WM_HINTS state=0
T 1790155311124550 rel=13.529 EVT ConfigureNotify win=0xc00004 send_event=1 1280x1024@+0+0 above=0x0 override=0
T 1790155311124553 rel=13.529 EVT PropertyNotify win=0xc00004 atom=_NET_FRAME_EXTENTS state=0
T 1790155311502674 rel=13.907 EVT PropertyNotify win=0xc00004 atom=_NET_FRAME_EXTENTS state=0
T 1790155311502701 rel=13.907 EVT PropertyNotify win=0xc00004 atom=_NET_WM_ALLOWED_ACTIONS state=0
T 1790155311502719 rel=13.907 EVT ConfigureNotify win=0xc00004 send_event=0 800x600@+0+0 above=0x200338 override=0
T 1790155311502721 rel=13.907 EVT ConfigureNotify win=0xc00004 send_event=1 800x600@+0+0 above=0x0 override=0
T 1790155311502723 rel=13.907 EVT PropertyNotify win=0xc00004 atom=_NET_WM_STATE state=0
T 1790155311502883 rel=13.907 SEG cgeo=800x600@+0+0 frame=0x200329 fgeo=800x600@+0+0 state=[FOCUSED] hints={flags=0x10 PMinSize=1x1 PMaxSize=-1x-1}
T 1790155311585350 rel=13.990 EVT ConfigureNotify win=0xc00004 send_event=0 1280x1024@+0+0 above=0x200338 override=0
T 1790155311585498 rel=13.990 SEG cgeo=1280x1024@+0+0 frame=0x200329 fgeo=1280x1024@+0+0 state=[FOCUSED] hints={flags=0x10 PMinSize=1x1 PMaxSize=-1x-1}
T 1790155320013757 rel=22.418 EVT DestroyNotify win=0xc00004
