T 1790155463808454 WID=0xc00004 name_pattern=HandyControlDemo cgeo=800x600@+0+0
T 1790155463808544 CENSUS root_child=0x2000b5 pid=0 name=- class=-
T 1790155463808596 CENSUS root_child=0x2000b4 pid=0 name=- class=-
T 1790155463808623 CENSUS root_child=0x2000b3 pid=0 name=- class=-
T 1790155463808648 CENSUS root_child=0x2000b2 pid=0 name=- class=-
T 1790155463808684 CENSUS root_child=0x200001 pid=1083652 name=xfwm4 class=xfwm4
T 1790155463808711 CENSUS root_child=0x400001 pid=0 name=- class=-
T 1790155463808737 CENSUS root_child=0x2000ac pid=0 name=- class=-
T 1790155463808766 CENSUS root_child=0x2000ae pid=1083652 name=xfwm4 class=xfwm4
T 1790155463808794 CENSUS root_child=0x2000b9 pid=0 name=- class=-
T 1790155463808819 CENSUS root_child=0x200295 pid=0 name=- class=-
T 1790155463808845 CENSUS root_child=0xc00001 pid=0 name=- class=-
T 1790155463808883 CENSUS root_child=0xc00002 pid=1147193 name=SystemResourceNotifyWindow class=HwndWrapper[HandyControlDemo;;e150bb28-2f94-4d46-9ef4-8ffb3e338c33]
T 1790155463808917 CENSUS root_child=0xc00003 pid=1147193 name=- class=HwndWrapper[HandyControlDemo;;001bcae9-2a8c-44b7-8a6e-69b5d6c7d0c4]
T 1790155463808950 CENSUS root_child=0xc00004(TARGET) pid=1147193 name=HandyControlDemo class=HwndWrapper[HandyControlDemo;;7bc0ab50-3ad1-437b-925e-c729afaa1eac]
T 1790155463808985 CENSUS root_child=0xc00005 pid=1147193 name=- class=HwndWrapper[HandyControlDemo;;0edb7606-d4e9-4faa-ad96-37981d0be4fd]
T 1790155463809020 CENSUS root_child=0xc00006 pid=1147193 name=MediaContextNotificationWindow class=HwndWrapper[HandyControlDemo;;7011fc52-4ab0-4a15-a479-1350c3ae6f41]
T 1790155463809143 rel=0.816 SEG cgeo=800x600@+0+0 frame=0x50d fgeo=1280x1024@+0+0 state=[] hints={flags=0x10 PMinSize=1x1 PMaxSize=-1x-1}
T 1790155463846796 rel=0.854 EVT ConfigureNotify win=0xc00004 send_event=0 800x600@+240+212 above=0xc00003 override=0
T 1790155463846966 rel=0.854 SEG cgeo=800x600@+240+212 frame=0x50d fgeo=1280x1024@+0+0 state=[] hints={flags=0x10 PMinSize=1x1 PMaxSize=-1x-1}
T 1790155464064342 rel=1.069 EVT PropertyNotify win=0xc00004 atom=_MOTIF_WM_HINTS state=0
T 1790155464064353 rel=1.069 EVT PropertyNotify win=0xc00004 atom=_NET_WM_STATE state=0
T 1790155464064368 rel=1.069 EVT PropertyNotify win=0xc00004 atom=_NET_WM_DESKTOP state=0
T 1790155464064370 rel=1.069 EVT ConfigureNotify win=0xc00004 send_event=0 800x600@+0+0 above=0x2003fc override=0
T 1790155464064371 rel=1.069 EVT ConfigureNotify win=0xc00004 send_event=1 800x600@+0+0 above=0x0 override=0
T 1790155464064384 rel=1.069 EVT PropertyNotify win=0xc00004 atom=WM_STATE state=0
T 1790155464064397 rel=1.069 EVT PropertyNotify win=0xc00004 atom=_NET_WM_ALLOWED_ACTIONS state=0
T 1790155464064398 rel=1.069 EVT PropertyNotify win=0xc00004 atom=_NET_WM_STATE state=0
T 1790155464064410 rel=1.069 EVT PropertyNotify win=0xc00004 atom=_NET_FRAME_EXTENTS state=0
T 1790155464064411 rel=1.069 EVT PropertyNotify win=0xc00004 atom=_NET_WM_STATE state=0
T 1790155464064412 rel=1.069 EVT PropertyNotify win=0xc00004 atom=_NET_WM_STATE state=0
T 1790155464064469 rel=1.069 SEG cgeo=800x600@+0+0 frame=0x2003ed fgeo=800x600@+0+0 state=[FOCUSED] hints={flags=0x10 PMinSize=1x1 PMaxSize=-1x-1}
T 1790155471049809 rel=8.055 SEG cgeo=800x600@+0+0 frame=0x2003ed fgeo=800x600@+0+0 state=[MAXIMIZED_HORZ,MAXIMIZED_VERT,FOCUSED] hints={flags=0x10 PMinSize=1x1 PMaxSize=-1x-1}
T 1790155471054899 rel=8.062 EVT PropertyNotify win=0xc00004 atom=_NET_FRAME_EXTENTS state=0
T 1790155471054915 rel=8.062 EVT PropertyNotify win=0xc00004 atom=_NET_WM_ALLOWED_ACTIONS state=0
T 1790155471054916 rel=8.062 EVT ConfigureNotify win=0xc00004 send_event=0 1280x1024@+0+0 above=0x2003fc override=0
T 1790155471054918 rel=8.062 EVT ConfigureNotify win=0xc00004 send_event=1 1280x1024@+0+0 above=0x0 override=0
T 1790155471054919 rel=8.062 EVT PropertyNotify win=0xc00004 atom=_NET_WM_STATE state=0
T 1790155471056506 rel=8.062 SEG cgeo=1280x1024@+0+0 frame=0x2003ed fgeo=1280x1024@+0+0 state=[MAXIMIZED_HORZ,MAXIMIZED_VERT,FOCUSED] hints={flags=0x10 PMinSize=1x1 PMaxSize=-1x-1}
T 1790155476389588 rel=13.396 EVT PropertyNotify win=0xc00004 atom=_MOTIF_WM_HINTS state=0
T 1790155476389635 rel=13.396 EVT ConfigureNotify win=0xc00004 send_event=1 1280x1024@+0+0 above=0x0 override=0
T 1790155476389668 rel=13.396 EVT PropertyNotify win=0xc00004 atom=_NET_FRAME_EXTENTS state=0
T 1790155476680752 rel=13.688 EVT PropertyNotify win=0xc00004 atom=_NET_FRAME_EXTENTS state=0
T 1790155476680792 rel=13.688 EVT PropertyNotify win=0xc00004 atom=_NET_WM_ALLOWED_ACTIONS state=0
T 1790155476680795 rel=13.688 EVT ConfigureNotify win=0xc00004 send_event=0 800x600@+0+0 above=0x2003fc override=0
T 1790155476680818 rel=13.688 EVT ConfigureNotify win=0xc00004 send_event=1 800x600@+0+0 above=0x0 override=0
T 1790155476680820 rel=13.688 EVT PropertyNotify win=0xc00004 atom=_NET_WM_STATE state=0
T 1790155476681089 rel=13.688 SEG cgeo=800x600@+0+0 frame=0x2003ed fgeo=800x600@+0+0 state=[FOCUSED] hints={flags=0x10 PMinSize=1x1 PMaxSize=-1x-1}
T 1790155485312681 rel=22.320 EVT DestroyNotify win=0xc00004
