T 1790155417577736 WID=0xc00004 name_pattern=HandyControlDemo cgeo=800x600@+240+212
T 1790155417577968 CENSUS root_child=0x2000b5 pid=0 name=- class=-
T 1790155417578077 CENSUS root_child=0x2000b4 pid=0 name=- class=-
T 1790155417578178 CENSUS root_child=0x2000b3 pid=0 name=- class=-
T 1790155417578279 CENSUS root_child=0x2000b2 pid=0 name=- class=-
T 1790155417578487 CENSUS root_child=0x200001 pid=1083652 name=xfwm4 class=xfwm4
T 1790155417578601 CENSUS root_child=0x400001 pid=0 name=- class=-
T 1790155417578704 CENSUS root_child=0x2000ac pid=0 name=- class=-
T 1790155417578809 CENSUS root_child=0x2000ae pid=1083652 name=xfwm4 class=xfwm4
T 1790155417578923 CENSUS root_child=0x2000b9 pid=0 name=- class=-
T 1790155417579047 CENSUS root_child=0x200295 pid=0 name=- class=-
T 1790155417579151 CENSUS root_child=0xc00001 pid=0 name=- class=-
T 1790155417579257 CENSUS root_child=0xc00002 pid=1146509 name=SystemResourceNotifyWindow class=HwndWrapper[HandyControlDemo;;1e4363a1-a324-4bdc-9269-552c0521671c]
T 1790155417579360 CENSUS root_child=0xc00003 pid=1146509 name=- class=HwndWrapper[HandyControlDemo;;d4805ee3-936f-49f8-af05-bad511c43fd0]
T 1790155417579444 CENSUS root_child=0xc00004(TARGET) pid=1146509 name=HandyControlDemo class=HwndWrapper[HandyControlDemo;;3ec89668-a41d-42de-ad8d-3409ef1266c0]
T 1790155417579547 CENSUS root_child=0xc00005 pid=1146509 name=- class=HwndWrapper[HandyControlDemo;;7bbe21c9-9d17-4f5c-a861-3f5723769b97]
T 1790155417579652 CENSUS root_child=0xc00006 pid=1146509 name=MediaContextNotificationWindow class=HwndWrapper[HandyControlDemo;;1907ce17-15ef-4483-afc0-2edb812a37ec]
T 1790155417580090 rel=0.924 SEG cgeo=800x600@+240+212 frame=0x50d fgeo=1280x1024@+0+0 state=[] hints={flags=0x10 PMinSize=1x1 PMaxSize=-1x-1}
T 1790155417736862 rel=1.081 EVT PropertyNotify win=0xc00004 atom=_MOTIF_WM_HINTS state=0
T 1790155417736874 rel=1.081 EVT PropertyNotify win=0xc00004 atom=_NET_WM_STATE state=0
T 1790155417736930 rel=1.081 EVT PropertyNotify win=0xc00004 atom=_NET_WM_DESKTOP state=0
T 1790155417736935 rel=1.081 EVT ConfigureNotify win=0xc00004 send_event=0 800x600@+0+0 above=0x20039a override=0
T 1790155417736937 rel=1.081 EVT ConfigureNotify win=0xc00004 send_event=1 800x600@+0+0 above=0x0 override=0
T 1790155417736987 rel=1.081 EVT PropertyNotify win=0xc00004 atom=WM_STATE state=0
T 1790155417737030 rel=1.081 EVT PropertyNotify win=0xc00004 atom=_NET_WM_ALLOWED_ACTIONS state=0
T 1790155417737033 rel=1.081 EVT PropertyNotify win=0xc00004 atom=_NET_WM_STATE state=0
T 1790155417737068 rel=1.081 EVT PropertyNotify win=0xc00004 atom=_NET_FRAME_EXTENTS state=0
T 1790155417737071 rel=1.081 EVT PropertyNotify win=0xc00004 atom=_NET_WM_STATE state=0
T 1790155417737072 rel=1.081 EVT PropertyNotify win=0xc00004 atom=_NET_WM_STATE state=0
T 1790155417737250 rel=1.081 SEG cgeo=800x600@+0+0 frame=0x20038b fgeo=800x600@+0+0 state=[FOCUSED] hints={flags=0x10 PMinSize=1x1 PMaxSize=-1x-1}
T 1790155424817199 rel=8.161 EVT PropertyNotify win=0xc00004 atom=_NET_FRAME_EXTENTS state=0
T 1790155424817211 rel=8.161 EVT PropertyNotify win=0xc00004 atom=_NET_WM_ALLOWED_ACTIONS state=0
T 1790155424817212 rel=8.161 EVT ConfigureNotify win=0xc00004 send_event=0 1280x1024@+0+0 above=0x20039a override=0
T 1790155424817213 rel=8.161 EVT ConfigureNotify win=0xc00004 send_event=1 1280x1024@+0+0 above=0x0 override=0
T 1790155424817215 rel=8.161 EVT PropertyNotify win=0xc00004 atom=_NET_WM_STATE state=0
T 1790155424817837 rel=8.161 SEG cgeo=1280x1024@+0+0 frame=0x20038b fgeo=1280x1024@+0+0 state=[MAXIMIZED_HORZ,MAXIMIZED_VERT,FOCUSED] hints={flags=0x10 PMinSize=1x1 PMaxSize=-1x-1}
T 1790155430184621 rel=13.529 EVT PropertyNotify win=0xc00004 atom=_MOTIF_WM_HINTS state=0
T 1790155430184644 rel=13.529 EVT ConfigureNotify win=0xc00004 send_event=1 1280x1024@+0+0 above=0x0 override=0
T 1790155430184649 rel=13.529 EVT PropertyNotify win=0xc00004 atom=_NET_FRAME_EXTENTS state=0
T 1790155430497822 rel=13.842 EVT PropertyNotify win=0xc00004 atom=_NET_FRAME_EXTENTS state=0
T 1790155430497846 rel=13.842 EVT PropertyNotify win=0xc00004 atom=_NET_WM_ALLOWED_ACTIONS state=0
T 1790155430497862 rel=13.842 EVT ConfigureNotify win=0xc00004 send_event=0 800x600@+0+0 above=0x20039a override=0
T 1790155430498220 rel=13.842 SEG cgeo=800x600@+0+0 frame=0x20038b fgeo=800x600@+0+0 state=[FOCUSED] hints={flags=0x10 PMinSize=1x1 PMaxSize=-1x-1}
T 1790155430503349 rel=13.847 EVT ConfigureNotify win=0xc00004 send_event=1 800x600@+0+0 above=0x0 override=0
T 1790155430503370 rel=13.847 EVT PropertyNotify win=0xc00004 atom=_NET_WM_STATE state=0
T 1790155439077590 rel=22.422 EVT DestroyNotify win=0xc00004
