T 1790155059745668 WID=0xc00004 name_pattern=HandyControlDemo cgeo=800x600@+0+0
T 1790155059745817 CENSUS root_child=0x2000b5 pid=0 name=- class=-
T 1790155059745875 CENSUS root_child=0x2000b4 pid=0 name=- class=-
T 1790155059745973 CENSUS root_child=0x2000b3 pid=0 name=- class=-
T 1790155059746022 CENSUS root_child=0x2000b2 pid=0 name=- class=-
T 1790155059746063 CENSUS root_child=0x200001 pid=1083652 name=xfwm4 class=xfwm4
T 1790155059746104 CENSUS root_child=0x400001 pid=0 name=- class=-
T 1790155059746131 CENSUS root_child=0x2000ac pid=0 name=- class=-
T 1790155059746164 CENSUS root_child=0x2000ae pid=1083652 name=xfwm4 class=xfwm4
T 1790155059746230 CENSUS root_child=0x2000b9 pid=0 name=- class=-
T 1790155059746274 CENSUS root_child=0x200295 pid=0 name=- class=-
T 1790155059746316 CENSUS root_child=0xc00001 pid=0 name=- class=-
T 1790155059746394 CENSUS root_child=0xc00002 pid=1088401 name=SystemResourceNotifyWindow class=HwndWrapper[HandyControlDemo;;e28aee1b-acba-429f-bfcc-dd3e02f98756]
T 1790155059746467 CENSUS root_child=0xc00003 pid=1088401 name=- class=HwndWrapper[HandyControlDemo;;64e00ae8-4848-4fa2-a822-ba13507ac39d]
T 1790155059746518 CENSUS root_child=0xc00004(TARGET) pid=1088401 name=HandyControlDemo class=HwndWrapper[HandyControlDemo;;ce5f5f4e-e1e0-4863-8980-76afb6482416]
T 1790155059746563 CENSUS root_child=0xc00005 pid=1088401 name=- class=HwndWrapper[HandyControlDemo;;f78788a9-89a2-4cc8-86ec-3c04108d394e]
T 1790155059746652 CENSUS root_child=0xc00006 pid=1088401 name=MediaContextNotificationWindow class=HwndWrapper[HandyControlDemo;;4fe01862-d9ef-4a09-9180-a8c1a4bca8a4]
T 1790155059746867 rel=0.815 SEG cgeo=800x600@+0+0 frame=0x50d fgeo=1280x1024@+0+0 state=[] hints={flags=0x10 PMinSize=1x1 PMaxSize=-1x-1}
T 1790155059773444 rel=0.842 SEG cgeo=800x600@+240+212 frame=0x50d fgeo=1280x1024@+0+0 state=[] hints={flags=0x10 PMinSize=1x1 PMaxSize=-1x-1}
T 1790155059779101 rel=0.847 EVT ConfigureNotify win=0xc00004 send_event=0 800x600@+240+212 above=0xc00003 override=0
T 1790155059979087 rel=1.047 EVT PropertyNotify win=0xc00004 atom=_MOTIF_WM_HINTS state=0
T 1790155059979099 rel=1.047 EVT PropertyNotify win=0xc00004 atom=_NET_WM_STATE state=0
T 1790155059979124 rel=1.047 EVT PropertyNotify win=0xc00004 atom=_NET_WM_DESKTOP state=0
T 1790155059979126 rel=1.047 EVT ConfigureNotify win=0xc00004 send_event=0 800x600@+0+0 above=0x2002a5 override=0
T 1790155059979127 rel=1.047 EVT ConfigureNotify win=0xc00004 send_event=1 800x600@+0+0 above=0x0 override=0
T 1790155059979140 rel=1.047 EVT PropertyNotify win=0xc00004 atom=WM_STATE state=0
T 1790155059979151 rel=1.047 EVT PropertyNotify win=0xc00004 atom=_NET_WM_ALLOWED_ACTIONS state=0
T 1790155059979152 rel=1.047 EVT PropertyNotify win=0xc00004 atom=_NET_WM_STATE state=0
T 1790155059979163 rel=1.047 EVT PropertyNotify win=0xc00004 atom=_NET_FRAME_EXTENTS state=0
T 1790155059979165 rel=1.047 EVT PropertyNotify win=0xc00004 atom=_NET_WM_STATE state=0
T 1790155059979166 rel=1.047 EVT PropertyNotify win=0xc00004 atom=_NET_WM_STATE state=0
T 1790155059979220 rel=1.047 SEG cgeo=800x600@+0+0 frame=0x200296 fgeo=800x600@+0+0 state=[FOCUSED] hints={flags=0x10 PMinSize=1x1 PMaxSize=-1x-1}
T 1790155067001343 rel=8.070 EVT PropertyNotify win=0xc00004 atom=_NET_FRAME_EXTENTS state=0
T 1790155067001353 rel=8.070 EVT PropertyNotify win=0xc00004 atom=_NET_WM_ALLOWED_ACTIONS state=0
T 1790155067001354 rel=8.070 EVT ConfigureNotify win=0xc00004 send_event=0 1280x1024@+0+0 above=0x2002a5 override=0
T 1790155067001355 rel=8.070 EVT ConfigureNotify win=0xc00004 send_event=1 1280x1024@+0+0 above=0x0 override=0
T 1790155067001357 rel=8.070 EVT PropertyNotify win=0xc00004 atom=_NET_WM_STATE state=0
T 1790155067001570 rel=8.070 SEG cgeo=1280x1024@+0+0 frame=0x200296 fgeo=1280x1024@+0+0 state=[MAXIMIZED_HORZ,MAXIMIZED_VERT,FOCUSED] hints={flags=0x10 PMinSize=1x1 PMaxSize=-1x-1}
T 1790155072434568 rel=13.503 EVT PropertyNotify win=0xc00004 atom=_MOTIF_WM_HINTS state=0
T 1790155072434607 rel=13.503 EVT ConfigureNotify win=0xc00004 send_event=1 1280x1024@+0+0 above=0x0 override=0
T 1790155072434609 rel=13.503 EVT PropertyNotify win=0xc00004 atom=_NET_FRAME_EXTENTS state=0
T 1790155072793707 rel=13.862 EVT PropertyNotify win=0xc00004 atom=_NET_FRAME_EXTENTS state=0
T 1790155072793728 rel=13.862 EVT PropertyNotify win=0xc00004 atom=_NET_WM_ALLOWED_ACTIONS state=0
T 1790155072793729 rel=13.862 EVT ConfigureNotify win=0xc00004 send_event=0 800x600@+0+0 above=0x2002a5 override=0
T 1790155072793731 rel=13.862 EVT ConfigureNotify win=0xc00004 send_event=1 800x600@+0+0 above=0x0 override=0
T 1790155072793733 rel=13.862 EVT PropertyNotify win=0xc00004 atom=_NET_WM_STATE state=0
T 1790155072793816 rel=13.862 SEG cgeo=800x600@+0+0 frame=0x200296 fgeo=800x600@+0+0 state=[FOCUSED] hints={flags=0x10 PMinSize=1x1 PMaxSize=-1x-1}
T 1790155081276093 rel=22.344 EVT DestroyNotify win=0xc00004
