T 1790155781630652 WID=0xc00004 name_pattern=HandyControlDemo cgeo=800x600@+0+0
T 1790155781630750 CENSUS root_child=0x2000b5 pid=0 name=- class=-
T 1790155781630777 CENSUS root_child=0x2000b4 pid=0 name=- class=-
T 1790155781630861 CENSUS root_child=0x2000b3 pid=0 name=- class=-
T 1790155781630902 CENSUS root_child=0x2000b2 pid=0 name=- class=-
T 1790155781630975 CENSUS root_child=0x200001 pid=1083652 name=xfwm4 class=xfwm4
T 1790155781631004 CENSUS root_child=0x400001 pid=0 name=- class=-
T 1790155781631029 CENSUS root_child=0x2000ac pid=0 name=- class=-
T 1790155781631059 CENSUS root_child=0x2000ae pid=1083652 name=xfwm4 class=xfwm4
T 1790155781631085 CENSUS root_child=0x2000b9 pid=0 name=- class=-
T 1790155781631109 CENSUS root_child=0x200295 pid=0 name=- class=-
T 1790155781631134 CENSUS root_child=0xc00001 pid=0 name=- class=-
T 1790155781631164 CENSUS root_child=0xc00002 pid=1151606 name=SystemResourceNotifyWindow class=HwndWrapper[HandyControlDemo;;0e32e12c-40e3-48ef-a25a-c2f6904c2889]
T 1790155781631198 CENSUS root_child=0xc00003 pid=1151606 name=- class=HwndWrapper[HandyControlDemo;;a97b252e-e103-4b4f-9220-c8f5838d60c3]
T 1790155781631228 CENSUS root_child=0xc00004(TARGET) pid=1151606 name=HandyControlDemo class=HwndWrapper[HandyControlDemo;;871fe48a-a369-442a-b922-516fab6c4e47]
T 1790155781631261 CENSUS root_child=0xc00005 pid=1151606 name=- class=HwndWrapper[HandyControlDemo;;8cbb2a2f-190e-44d7-a163-4338876ad9d3]
T 1790155781631292 CENSUS root_child=0xc00006 pid=1151606 name=MediaContextNotificationWindow class=HwndWrapper[HandyControlDemo;;5df71c06-300d-412c-9ef3-260e855d1533]
T 1790155781631408 rel=0.843 SEG cgeo=800x600@+0+0 frame=0x50d fgeo=1280x1024@+0+0 state=[] hints={flags=0x10 PMinSize=1x1 PMaxSize=-1x-1}
T 1790155781637449 rel=0.849 EVT ConfigureNotify win=0xc00004 send_event=0 800x600@+240+212 above=0xc00003 override=0
T 1790155781637540 rel=0.849 SEG cgeo=800x600@+240+212 frame=0x50d fgeo=1280x1024@+0+0 state=[] hints={flags=0x10 PMinSize=1x1 PMaxSize=-1x-1}
T 1790155781826610 rel=1.038 EVT PropertyNotify win=0xc00004 atom=_MOTIF_WM_HINTS state=0
T 1790155781828540 rel=1.038 SEG cgeo=800x600@+0+0 frame=0x200639 fgeo=800x600@+0+0 state=[FOCUSED] hints={flags=0x10 PMinSize=1x1 PMaxSize=-1x-1}
T 1790155781834808 rel=1.046 EVT PropertyNotify win=0xc00004 atom=_NET_WM_STATE state=0
T 1790155781834859 rel=1.046 EVT PropertyNotify win=0xc00004 atom=_NET_WM_DESKTOP state=0
T 1790155781834862 rel=1.046 EVT ConfigureNotify win=0xc00004 send_event=0 800x600@+0+0 above=0x200648 override=0
T 1790155781834863 rel=1.046 EVT ConfigureNotify win=0xc00004 send_event=1 800x600@+0+0 above=0x0 override=0
T 1790155781834877 rel=1.046 EVT PropertyNotify win=0xc00004 atom=WM_STATE state=0
T 1790155781834894 rel=1.046 EVT PropertyNotify win=0xc00004 atom=_NET_WM_ALLOWED_ACTIONS state=0
T 1790155781834895 rel=1.046 EVT PropertyNotify win=0xc00004 atom=_NET_WM_STATE state=0
T 1790155781834907 rel=1.046 EVT PropertyNotify win=0xc00004 atom=_NET_FRAME_EXTENTS state=0
T 1790155781834908 rel=1.046 EVT PropertyNotify win=0xc00004 atom=_NET_WM_STATE state=0
T 1790155781834909 rel=1.046 EVT PropertyNotify win=0xc00004 atom=_NET_WM_STATE state=0
T 1790155788829030 rel=8.040 EVT PropertyNotify win=0xc00004 atom=_NET_FRAME_EXTENTS state=0
T 1790155788829045 rel=8.040 EVT PropertyNotify win=0xc00004 atom=_NET_WM_ALLOWED_ACTIONS state=0
T 1790155788829047 rel=8.040 EVT ConfigureNotify win=0xc00004 send_event=0 1280x1024@+0+0 above=0x200648 override=0
T 1790155788829048 rel=8.040 EVT ConfigureNotify win=0xc00004 send_event=1 1280x1024@+0+0 above=0x0 override=0
T 1790155788829050 rel=8.040 EVT PropertyNotify win=0xc00004 atom=_NET_WM_STATE state=0
T 1790155788829168 rel=8.040 SEG cgeo=1280x1024@+0+0 frame=0x200639 fgeo=1280x1024@+0+0 state=[MAXIMIZED_HORZ,MAXIMIZED_VERT,FOCUSED] hints={flags=0x10 PMinSize=1x1 PMaxSize=-1x-1}
T 1790155794220754 rel=13.432 EVT PropertyNotify win=0xc00004 atom=_MOTIF_WM_HINTS state=0
T 1790155794220776 rel=13.432 EVT ConfigureNotify win=0xc00004 send_event=1 1280x1024@+0+0 above=0x0 override=0
T 1790155794220778 rel=13.432 EVT PropertyNotify win=0xc00004 atom=_NET_FRAME_EXTENTS state=0
T 1790155794520378 rel=13.732 EVT PropertyNotify win=0xc00004 atom=_NET_FRAME_EXTENTS state=0
T 1790155794520392 rel=13.732 EVT PropertyNotify win=0xc00004 atom=_NET_WM_ALLOWED_ACTIONS state=0
T 1790155794520396 rel=13.732 EVT ConfigureNotify win=0xc00004 send_event=0 800x600@+0+0 above=0x200648 override=0
T 1790155794521006 rel=13.732 SEG cgeo=800x600@+0+0 frame=0x200639 fgeo=800x600@+0+0 state=[FOCUSED] hints={flags=0x10 PMinSize=1x1 PMaxSize=-1x-1}
T 1790155794526473 rel=13.738 EVT ConfigureNotify win=0xc00004 send_event=1 800x600@+0+0 above=0x0 override=0
T 1790155794526504 rel=13.738 EVT PropertyNotify win=0xc00004 atom=_NET_WM_STATE state=0
T 1790155794605624 rel=13.812 SEG cgeo=1280x1024@+0+0 frame=0x200639 fgeo=1280x1024@+0+0 state=[FOCUSED] hints={flags=0x10 PMinSize=1x1 PMaxSize=-1x-1}
T 1790155794614138 rel=13.825 EVT ConfigureNotify win=0xc00004 send_event=0 1280x1024@+0+0 above=0x200648 override=0
T 1790155803081636 rel=22.293 EVT DestroyNotify win=0xc00004
