T 1790155851334994 WID=0xc00004 name_pattern=HandyControlDemo cgeo=800x600@+0+0
T 1790155851335119 CENSUS root_child=0x2000b5 pid=0 name=- class=-
T 1790155851335152 CENSUS root_child=0x2000b4 pid=0 name=- class=-
T 1790155851335181 CENSUS root_child=0x2000b3 pid=0 name=- class=-
T 1790155851335207 CENSUS root_child=0x2000b2 pid=0 name=- class=-
T 1790155851335240 CENSUS root_child=0x200001 pid=1083652 name=xfwm4 class=xfwm4
T 1790155851335269 CENSUS root_child=0x400001 pid=0 name=- class=-
T 1790155851335297 CENSUS root_child=0x2000ac pid=0 name=- class=-
T 1790155851335332 CENSUS root_child=0x2000ae pid=1083652 name=xfwm4 class=xfwm4
T 1790155851335361 CENSUS root_child=0x2000b9 pid=0 name=- class=-
T 1790155851335387 CENSUS root_child=0x200295 pid=0 name=- class=-
T 1790155851335415 CENSUS root_child=0xc00001 pid=0 name=- class=-
T 1790155851335450 CENSUS root_child=0xc00002 pid=1152387 name=SystemResourceNotifyWindow class=HwndWrapper[HandyControlDemo;;daf926b2-12d6-4113-8e33-0a93e350e66a]
T 1790155851335484 CENSUS root_child=0xc00003 pid=1152387 name=- class=HwndWrapper[HandyControlDemo;;2cbe117a-ee9e-4aba-9e15-7034e3800506]
T 1790155851335518 CENSUS root_child=0xc00004(TARGET) pid=1152387 name=HandyControlDemo class=HwndWrapper[HandyControlDemo;;da2ca25c-9450-4b08-807f-bfb91d363272]
T 1790155851335555 CENSUS root_child=0xc00005 pid=1152387 name=- class=HwndWrapper[HandyControlDemo;;5860f2b0-4841-47dc-b863-acd8c331ad49]
T 1790155851335591 CENSUS root_child=0xc00006 pid=1152387 name=MediaContextNotificationWindow class=HwndWrapper[HandyControlDemo;;d3ea47d8-b9a5-4e9f-8c35-5a69b52af7ec]
T 1790155851335718 rel=0.926 SEG cgeo=800x600@+0+0 frame=0x50d fgeo=1280x1024@+0+0 state=[] hints={flags=0x10 PMinSize=1x1 PMaxSize=-1x-1}
T 1790155851347397 rel=0.937 EVT ConfigureNotify win=0xc00004 send_event=0 800x600@+240+212 above=0xc00003 override=0
T 1790155851347492 rel=0.937 SEG cgeo=800x600@+240+212 frame=0x50d fgeo=1280x1024@+0+0 state=[] hints={flags=0x10 PMinSize=1x1 PMaxSize=-1x-1}
T 1790155851540177 rel=1.130 EVT PropertyNotify win=0xc00004 atom=_MOTIF_WM_HINTS state=0
T 1790155851540188 rel=1.130 EVT PropertyNotify win=0xc00004 atom=_NET_WM_STATE state=0
T 1790155851540202 rel=1.130 EVT PropertyNotify win=0xc00004 atom=_NET_WM_DESKTOP state=0
T 1790155851540204 rel=1.130 EVT ConfigureNotify win=0xc00004 send_event=0 800x600@+0+0 above=0x2006db override=0
T 1790155851540205 rel=1.130 EVT ConfigureNotify win=0xc00004 send_event=1 800x600@+0+0 above=0x0 override=0
T 1790155851540221 rel=1.130 EVT PropertyNotify win=0xc00004 atom=WM_STATE state=0
T 1790155851540233 rel=1.130 EVT PropertyNotify win=0xc00004 atom=_NET_WM_ALLOWED_ACTIONS state=0
T 1790155851540234 rel=1.130 EVT PropertyNotify win=0xc00004 atom=_NET_WM_STATE state=0
T 1790155851540249 rel=1.130 EVT PropertyNotify win=0xc00004 atom=_NET_FRAME_EXTENTS state=0
T 1790155851540251 rel=1.130 EVT PropertyNotify win=0xc00004 atom=_NET_WM_STATE state=0
T 1790155851540252 rel=1.130 EVT PropertyNotify win=0xc00004 atom=_NET_WM_STATE state=0
T 1790155851540311 rel=1.130 SEG cgeo=800x600@+0+0 frame=0x2006cc fgeo=800x600@+0+0 state=[FOCUSED] hints={flags=0x10 PMinSize=1x1 PMaxSize=-1x-1}
T 1790155858592972 rel=8.183 EVT PropertyNotify win=0xc00004 atom=_NET_FRAME_EXTENTS state=0
T 1790155858592984 rel=8.183 EVT PropertyNotify win=0xc00004 atom=_NET_WM_ALLOWED_ACTIONS state=0
T 1790155858592986 rel=8.183 EVT ConfigureNotify win=0xc00004 send_event=0 1280x1024@+0+0 above=0x2006db override=0
T 1790155858592987 rel=8.183 EVT ConfigureNotify win=0xc00004 send_event=1 1280x1024@+0+0 above=0x0 override=0
T 1790155858592988 rel=8.183 EVT PropertyNotify win=0xc00004 atom=_NET_WM_STATE state=0
T 1790155858593230 rel=8.183 SEG cgeo=1280x1024@+0+0 frame=0x2006cc fgeo=1280x1024@+0+0 state=[MAXIMIZED_HORZ,MAXIMIZED_VERT,FOCUSED] hints={flags=0x10 PMinSize=1x1 PMaxSize=-1x-1}
T 1790155863940978 rel=13.531 EVT PropertyNotify win=0xc00004 atom=_MOTIF_WM_HINTS state=0
T 1790155863940992 rel=13.531 EVT ConfigureNotify win=0xc00004 send_event=1 1280x1024@+0+0 above=0x0 override=0
T 1790155863940995 rel=13.531 EVT PropertyNotify win=0xc00004 atom=_NET_FRAME_EXTENTS state=0
T 1790155864270723 rel=13.861 EVT PropertyNotify win=0xc00004 atom=_NET_FRAME_EXTENTS state=0
T 1790155864270740 rel=13.861 EVT PropertyNotify win=0xc00004 atom=_NET_WM_ALLOWED_ACTIONS state=0
T 1790155864270741 rel=13.861 EVT ConfigureNotify win=0xc00004 send_event=0 800x600@+0+0 above=0x2006db override=0
T 1790155864270743 rel=13.861 EVT ConfigureNotify win=0xc00004 send_event=1 800x600@+0+0 above=0x0 override=0
T 1790155864270744 rel=13.861 EVT PropertyNotify win=0xc00004 atom=_NET_WM_STATE state=0
T 1790155864270828 rel=13.861 SEG cgeo=800x600@+0+0 frame=0x2006cc fgeo=800x600@+0+0 state=[FOCUSED] hints={flags=0x10 PMinSize=1x1 PMaxSize=-1x-1}
T 1790155872851174 rel=22.441 EVT DestroyNotify win=0xc00004
